[theme650-coffe-shop.myshopify.com/index.html]
[backblue.gif]
[fade.gif]
[index.html]
[theme650-coffe-shop.myshopify.com/cdn/shop/t/2/assets/favicone9b9.png]
[theme650-coffe-shop.myshopify.com/cdn/shop/t/2/assets/assetsad87.css]
[theme650-coffe-shop.myshopify.com/cdn/shop/t/2/assets/style.scssba11.css]
[theme650-coffe-shop.myshopify.com/cdn/shop/t/2/assets/responsive.scss7ca5.css]
[theme650-coffe-shop.myshopify.com/cdn/shop/t/2/assets/jquery.1.8.35fbd.js]
[theme650-coffe-shop.myshopify.com/checkouts/internal/preloadsc494.js]
[cdn.shopify.com/shopifycloud/storefront-recaptcha-v3/v0.6/index.js]
[theme650-coffe-shop.myshopify.com/cdn/shopifycloud/shopify/assets/storefront/load_feature-87876fa245af19cbd14aa886ed59c6aa8a27c45d24dcd7a81cf2d2323506233e.js]
[theme650-coffe-shop.myshopify.com/cdn/shopifycloud/shopify/assets/storefront/features-1c0b396bd4d054b94abae1eb6a1bd6ba47beb35525c57a217c77a862ff06d83f.js]
[theme650-coffe-shop.myshopify.com/POST]
[theme650-coffe-shop.myshopify.com/cdn]
[theme650-coffe-shop.myshopify.com/cdn/s/trekkie.storefront.f33399a7b9d8c1007209860fbdd63bb24633ae9f.min.js]
[theme650-coffe-shop.myshopify.com/cdn/shopifycloud/shopify/assets/shop_events_listener-a7c63dba65ccddc484f77541dc8ca437e60e1e9e297fe1c3faebf6523a0ede9b.js]
[theme650-coffe-shop.myshopify.com/cdn/shopifycloud/boomerang/shopify-boomerang-1.0.0.min.js]
[theme650-coffe-shop.myshopify.com/cdn/shop/t/2/assets/Coffee_Shop_Small932c.png]
[theme650-coffe-shop.myshopify.com/account/login.html]
[theme650-coffe-shop.myshopify.com/cart.html]
[theme650-coffe-shop.myshopify.com/cdn/shop/t/2/assets/logo1db2.png]
[theme650-coffe-shop.myshopify.com/collections/all.html]
[theme650-coffe-shop.myshopify.com/collections.html]
[theme650-coffe-shop.myshopify.com/collections/americano.html]
[theme650-coffe-shop.myshopify.com/collections/coffe.html]
[theme650-coffe-shop.myshopify.com/collections/espresso.html]
[theme650-coffe-shop.myshopify.com/collections/organic-coffee.html]
[theme650-coffe-shop.myshopify.com/collections/sale.html]
[theme650-coffe-shop.myshopify.com/products/authentic-donut-shop-blend-coffee-chocolate-chip-cookie.html]
[theme650-coffe-shop.myshopify.com/cdn/shop/products/authentic_donut_shop_blend_coffee_chocolate_chip_cookie_1_efcb458b-b1d3-4ab9-b260-16a5777ecce8_largef27c.png]
[theme650-coffe-shop.myshopify.com/products/cafe-du-monde-coffee-french-roast.html]
[theme650-coffe-shop.myshopify.com/cdn/shop/products/cafe_du_monde_coffee_french_roast_1_largee485.png]
[theme650-coffe-shop.myshopify.com/cdn/shop/t/2/assets/slide1_imagecf3d.jpg]
[theme650-coffe-shop.myshopify.com/cdn/shop/t/2/assets/slide2_imagec171.jpg]
[theme650-coffe-shop.myshopify.com/blogs/news.html]
[theme650-coffe-shop.myshopify.com/cdn/shop/t/2/assets/slide3_image654c.jpg]
[theme650-coffe-shop.myshopify.com/products/lavazza-crema-e-gusto-ground-coffee.html]
[theme650-coffe-shop.myshopify.com/cdn/shop/products/lavazza_crema_e_gusto_ground_coffee_1_medium7025.png]
[theme650-coffe-shop.myshopify.com/cdn/shop/products/lavazza_crema_e_gusto_ground_coffee_2_medium7025.png]
[theme650-coffe-shop.myshopify.com/products/douwe-egberts-douwe-egberts-filter-blend-ground-coffee-medium-roast.html]
[theme650-coffe-shop.myshopify.com/cdn/shop/products/douwe_egberts_douwe_egberts_filter_blend_ground_coffee_medium_roast_1_medium5704.png]
[theme650-coffe-shop.myshopify.com/cdn/shop/products/douwe_egberts_douwe_egberts_filter_blend_ground_coffee_medium_roast_2_medium5704.png]
[theme650-coffe-shop.myshopify.com/products/douwe-egberts-excellent-aroma-whole-beans-coffee.html]
[theme650-coffe-shop.myshopify.com/cdn/shop/products/douwe_egberts_excellent_aroma_whole_beans_coffee_1_mediumd54f.png]
[theme650-coffe-shop.myshopify.com/cdn/shop/products/douwe_egberts_excellent_aroma_whole_beans_coffee_2_mediumd54f.png]
[theme650-coffe-shop.myshopify.com/products/five-star-coffee-coffe-cup-moments-signature-romance-sampler-package.html]
[theme650-coffe-shop.myshopify.com/cdn/shop/products/five_star_coffee_coffe_cup_moments_signature_romance_sampler_package_1_medium4787.png]
[theme650-coffe-shop.myshopify.com/cdn/shop/products/five_star_coffee_coffe_cup_moments_signature_romance_sampler_package_2_medium4787.png]
[theme650-coffe-shop.myshopify.com/products/guilt-free-decaf-by-findlays-finest-gourmet-coffee.html]
[theme650-coffe-shop.myshopify.com/cdn/shop/products/guilt_free_decaf_by_findlays_finest_gourmet_coffee_1_medium7164.png]
[theme650-coffe-shop.myshopify.com/cdn/shop/products/guilt_free_decaf_by_findlays_finest_gourmet_coffee_2_medium7164.png]
[theme650-coffe-shop.myshopify.com/products/illy-caffe-medium-roast-ground-coffee-red-band.html]
[theme650-coffe-shop.myshopify.com/cdn/shop/products/illy_caffe_medium_roast_ground_coffee_red_band_1_mediumb0f5.png]
[theme650-coffe-shop.myshopify.com/cdn/shop/products/illy_caffe_medium_roast_ground_coffee_red_band_2_mediumb0f5.png]
[theme650-coffe-shop.myshopify.com/products/illy-ground-coffee-drip-grind.html]
[theme650-coffe-shop.myshopify.com/cdn/shop/products/illy_ground_coffee_drip_grind_1_mediuma3d8.png]
[theme650-coffe-shop.myshopify.com/cdn/shop/products/illy_ground_coffee_drip_grind_2_mediuma3d8.png]
[theme650-coffe-shop.myshopify.com/products/keurig-green-mountain-coffee-breakfast-blend-k-cup.html]
[theme650-coffe-shop.myshopify.com/cdn/shop/products/keurig_green_mountain_coffee_breakfast_blend_k_cup_1_medium03c5.png]
[theme650-coffe-shop.myshopify.com/cdn/shop/products/keurig_green_mountain_coffee_breakfast_blend_k_cup_2_medium03c5.png]
[theme650-coffe-shop.myshopify.com/products/kicking-horse-coffee-454-horse-power-dark-whole-bean-coffee.html]
[theme650-coffe-shop.myshopify.com/cdn/shop/products/kicking_horse_coffee_454_horse_power_dark_whole_bean_coffee_1_mediumb53f.png]
[theme650-coffe-shop.myshopify.com/cdn/shop/products/kicking_horse_coffee_454_horse_power_dark_whole_bean_coffee_2_mediumb53f.png]
[theme650-coffe-shop.myshopify.com/products/lavazza-caffe-espresso-ground-coffee-8-ounce-cans.html]
[theme650-coffe-shop.myshopify.com/cdn/shop/products/lavazza_caffe_espresso_ground_coffee_8_ounce_cans_1_medium0281.png]
[theme650-coffe-shop.myshopify.com/cdn/shop/products/lavazza_caffe_espresso_ground_coffee_8_ounce_cans_2_medium0281.png]
[theme650-coffe-shop.myshopify.com/cdn/shop/t/2/assets/homepage_brand10dde.png]
[theme650-coffe-shop.myshopify.com/cdn/shop/t/2/assets/homepage_brand2e718.png]
[theme650-coffe-shop.myshopify.com/cdn/shop/t/2/assets/homepage_brand330b4.png]
[theme650-coffe-shop.myshopify.com/cdn/shop/t/2/assets/homepage_brand47a6e.png]
[theme650-coffe-shop.myshopify.com/cdn/shop/t/2/assets/homepage_brand58144.png]
[theme650-coffe-shop.myshopify.com/cdn/shop/t/2/assets/homepage_brand6762f.png]
[theme650-coffe-shop.myshopify.com/cdn/shop/t/2/assets/Coffee_Shop_big8e6a.png]
[cdn.shopify.com/s/javascripts/currencies.js]
[theme650-coffe-shop.myshopify.com/cdn/shop/t/2/assets/jquery.swiper.min0a20.js]
[theme650-coffe-shop.myshopify.com/cdn/shopifycloud/shopify/assets/themes_support/option_selection-86cdd286ddf3be7e25d68b9fc5965d7798a3ff6228ff79af67b3f4e41d6a34be.js]
[theme650-coffe-shop.myshopify.com/cdn/shop/t/2/assets/jquery.fancybox.min1a94.js]
[theme650-coffe-shop.myshopify.com/cart.js]
[theme650-coffe-shop.myshopify.com/cdn/shop/t/2/assets/assets0eb1.js]
[theme650-coffe-shop.myshopify.com/cdn/shop/t/2/assets/shopa0e2.js]
[theme650-coffe-shop.myshopify.com/index.html]
[theme650-coffe-shop.myshopify.com/cdn/shop/t/2/assets/material-designc7a8.eot]
[theme650-coffe-shop.myshopify.com/cdn/shop/t/2/assets/material-design59b9.eot#iefix]
[theme650-coffe-shop.myshopify.com/cdn/shop/t/2/assets/material-design10a0.woff]
[theme650-coffe-shop.myshopify.com/cdn/shop/t/2/assets/material-designb5cf.ttf]
[theme650-coffe-shop.myshopify.com/cdn/shop/t/2/assets/material-design33b2.svg]
[theme650-coffe-shop.myshopify.com/cdn/shop/t/2/assets/fontawesome-webfont7453.eot]
[theme650-coffe-shop.myshopify.com/cdn/shop/t/2/assets/fontawesome-webfontf541.eot]
[theme650-coffe-shop.myshopify.com/cdn/shop/t/2/assets/fontawesome-webfont950c.woff2]
[theme650-coffe-shop.myshopify.com/cdn/shop/t/2/assets/fontawesome-webfonta609.woff]
[theme650-coffe-shop.myshopify.com/cdn/shop/t/2/assets/fontawesome-webfont5b13.ttf]
[theme650-coffe-shop.myshopify.com/cdn/shop/t/2/assets/fontawesome-webfont4373.svg]
[theme650-coffe-shop.myshopify.com/cdn/shop/t/2/assets/fancybox_loading.gif]
[theme650-coffe-shop.myshopify.com/cdn/shop/t/2/assets/blank.gif]
[theme650-coffe-shop.myshopify.com/cdn/shop/t/2/assets/assetsad87.css]
[theme650-coffe-shop.myshopify.com/cdn/shop/t/2/assets/promobanner_bgd2bf.png]
[theme650-coffe-shop.myshopify.com/cdn/shop/t/2/assets/style.scssba11.css]
[theme650-coffe-shop.myshopify.com/cdn/shop/t/2/assets/responsive.scss7ca5.css]
[theme650-coffe-shop.myshopify.com/POST.html]
[theme650-coffe-shop.myshopify.com/cdn.html]
[theme650-coffe-shop.myshopify.com/account/POST]
[theme650-coffe-shop.myshopify.com/cdn/shopifycloud/shopify/assets/themes_support/shopify_common-33bb9d312118840468a53f36b59c62c1e8f2b7d1a0a77250db9e300441827470.js]
[theme650-coffe-shop.myshopify.com/cdn/shopifycloud/shopify/assets/themes_support/customer_area-4beccea87758d91106a581ba89341d9b51842f6da79209258c8297239e950343.js]
[theme650-coffe-shop.myshopify.com/account/login.html]
[theme650-coffe-shop.myshopify.com/cart/updatea18a.js]
[theme650-coffe-shop.myshopify.com/cart.html]
[theme650-coffe-shop.myshopify.com/cart/cleara18a.js]
[theme650-coffe-shop.myshopify.com/collections/all.atom]
[theme650-coffe-shop.myshopify.com/collections/all4658.html]
[theme650-coffe-shop.myshopify.com/collections/POST]
[theme650-coffe-shop.myshopify.com/collections/all/chocolate-world.html]
[theme650-coffe-shop.myshopify.com/collections/all/latte-macchiatto.html]
[theme650-coffe-shop.myshopify.com/collections/all/macchiatto.html]
[theme650-coffe-shop.myshopify.com/collections/all/moca-madness.html]
[theme650-coffe-shop.myshopify.com/collections/all/mochaccino.html]
[theme650-coffe-shop.myshopify.com/cdn/shop/products/authentic_donut_shop_blend_coffee_chocolate_chip_cookie_1_efcb458b-b1d3-4ab9-b260-16a5777ecce8_mediumf27c.png]
[theme650-coffe-shop.myshopify.com/cdn/shop/products/authentic_donut_shop_blend_coffee_chocolate_chip_cookie_2_05a1ea11-6541-4f9a-8cf5-84934fbf52d5_mediumf27c.png]
[theme650-coffe-shop.myshopify.com/cdn/shop/products/cafe_du_monde_coffee_french_roast_1_mediume485.png]
[theme650-coffe-shop.myshopify.com/cdn/shop/products/cafe_du_monde_coffee_french_roast_2_mediume485.png]
[theme650-coffe-shop.myshopify.com/products/cinnabon-k-cup-portion-pack-for-keurig-brewers-classic-cinnamon.html]
[theme650-coffe-shop.myshopify.com/cdn/shop/products/cinnabon_k_cup_portion_pack_for_keurig_brewers_classic_cinnamon_1_mediumcf64.png]
[theme650-coffe-shop.myshopify.com/cdn/shop/products/cinnabon_k_cup_portion_pack_for_keurig_brewers_classic_cinnamon_2_mediumcf64.png]
[theme650-coffe-shop.myshopify.com/products/don-francisco-hawaiian-hazelnut-coffee.html]
[theme650-coffe-shop.myshopify.com/cdn/shop/products/don_francisco_hawaiian_hazelnut_coffee_1_mediumf5c5.png]
[theme650-coffe-shop.myshopify.com/cdn/shop/products/don_francisco_hawaiian_hazelnut_coffee_2_mediumf5c5.png]
[theme650-coffe-shop.myshopify.com/collections/all9ba9.html]
[theme650-coffe-shop.myshopify.com/collections/allfdb0.html]
[theme650-coffe-shop.myshopify.com/collections/types1bbc.html]
[theme650-coffe-shop.myshopify.com/collections/types3481.html]
[theme650-coffe-shop.myshopify.com/collections/types0ab3.html]
[theme650-coffe-shop.myshopify.com/collections/typesc529.html]
[theme650-coffe-shop.myshopify.com/collections/typesf8d6.html]
[theme650-coffe-shop.myshopify.com/collections/vendorsefe5.html]
[theme650-coffe-shop.myshopify.com/collections/vendorsb5c8.html]
[theme650-coffe-shop.myshopify.com/collections/vendors7ea1.html]
[theme650-coffe-shop.myshopify.com/collections/vendorscdc3.html]
[theme650-coffe-shop.myshopify.com/collections/vendorsf08a.html]
[theme650-coffe-shop.myshopify.com/cdn/shop/products/keurig_green_mountain_coffee_breakfast_blend_k_cup_1_compact03c5.png]
[theme650-coffe-shop.myshopify.com/cdn/shop/products/kicking_horse_coffee_454_horse_power_dark_whole_bean_coffee_1_compactb53f.png]
[theme650-coffe-shop.myshopify.com/cdn/shop/products/lavazza_caffe_espresso_ground_coffee_8_ounce_cans_1_compact0281.png]
[theme650-coffe-shop.myshopify.com/cdn/shop/t/2/assets/jquery.collection-sort1d45.js]
[theme650-coffe-shop.myshopify.com/collections/all.html]
[theme650-coffe-shop.myshopify.com/collections.html]
[theme650-coffe-shop.myshopify.com/collections/americano.atom]
[theme650-coffe-shop.myshopify.com/collections/americano4658.html]
[theme650-coffe-shop.myshopify.com/collections/americano.oembed]
[theme650-coffe-shop.myshopify.com/collections/americano/products/authentic-donut-shop-blend-coffee-chocolate-chip-cookie.html]
[theme650-coffe-shop.myshopify.com/collections/americano/products/cafe-du-monde-coffee-french-roast.html]
[theme650-coffe-shop.myshopify.com/collections/americano/chocolate-world.html]
[theme650-coffe-shop.myshopify.com/collections/americano/latte-macchiatto.html]
[theme650-coffe-shop.myshopify.com/collections/americano/macchiatto.html]
[theme650-coffe-shop.myshopify.com/collections/americano/moca-madness.html]
[theme650-coffe-shop.myshopify.com/collections/americano/mochaccino.html]
[theme650-coffe-shop.myshopify.com/collections/americano/products/cinnabon-k-cup-portion-pack-for-keurig-brewers-classic-cinnamon.html]
[theme650-coffe-shop.myshopify.com/collections/americano/products/don-francisco-hawaiian-hazelnut-coffee.html]
[theme650-coffe-shop.myshopify.com/collections/americano/products/douwe-egberts-douwe-egberts-filter-blend-ground-coffee-medium-roast.html]
[theme650-coffe-shop.myshopify.com/collections/americano/products/douwe-egberts-excellent-aroma-whole-beans-coffee.html]
[theme650-coffe-shop.myshopify.com/collections/americano.html]
[theme650-coffe-shop.myshopify.com/collections/coffe.atom]
[theme650-coffe-shop.myshopify.com/collections/coffe4658.html]
[theme650-coffe-shop.myshopify.com/collections/coffe.oembed]
[theme650-coffe-shop.myshopify.com/collections/coffe/chocolate-world.html]
[theme650-coffe-shop.myshopify.com/collections/coffe/latte-macchiatto.html]
[theme650-coffe-shop.myshopify.com/collections/coffe/macchiatto.html]
[theme650-coffe-shop.myshopify.com/collections/coffe/moca-madness.html]
[theme650-coffe-shop.myshopify.com/collections/coffe/mochaccino.html]
[theme650-coffe-shop.myshopify.com/collections/coffe/products/cinnabon-k-cup-portion-pack-for-keurig-brewers-classic-cinnamon.html]
[theme650-coffe-shop.myshopify.com/collections/coffe/products/don-francisco-hawaiian-hazelnut-coffee.html]
[theme650-coffe-shop.myshopify.com/collections/coffe/products/douwe-egberts-douwe-egberts-filter-blend-ground-coffee-medium-roast.html]
[theme650-coffe-shop.myshopify.com/collections/coffe/products/douwe-egberts-excellent-aroma-whole-beans-coffee.html]
[theme650-coffe-shop.myshopify.com/collections/coffe/products/five-star-coffee-coffe-cup-moments-signature-romance-sampler-package.html]
[theme650-coffe-shop.myshopify.com/collections/coffe/products/guilt-free-decaf-by-findlays-finest-gourmet-coffee.html]
[theme650-coffe-shop.myshopify.com/collections/coffe/products/keurig-green-mountain-coffee-breakfast-blend-k-cup.html]
[theme650-coffe-shop.myshopify.com/collections/coffe/products/kicking-horse-coffee-454-horse-power-dark-whole-bean-coffee.html]
[theme650-coffe-shop.myshopify.com/collections/coffe.html]
[theme650-coffe-shop.myshopify.com/collections/espresso.atom]
[theme650-coffe-shop.myshopify.com/collections/espresso4658.html]
[theme650-coffe-shop.myshopify.com/collections/espresso.oembed]
[theme650-coffe-shop.myshopify.com/collections/espresso/chocolate-world.html]
[theme650-coffe-shop.myshopify.com/collections/espresso/latte-macchiatto.html]
[theme650-coffe-shop.myshopify.com/collections/espresso/macchiatto.html]
[theme650-coffe-shop.myshopify.com/collections/espresso/moca-madness.html]
[theme650-coffe-shop.myshopify.com/collections/espresso/mochaccino.html]
[theme650-coffe-shop.myshopify.com/collections/espresso/products/lavazza-crema-e-gusto-ground-coffee.html]
[theme650-coffe-shop.myshopify.com/collections/espresso/products/douwe-egberts-douwe-egberts-filter-blend-ground-coffee-medium-roast.html]
[theme650-coffe-shop.myshopify.com/collections/espresso/products/douwe-egberts-excellent-aroma-whole-beans-coffee.html]
[theme650-coffe-shop.myshopify.com/collections/espresso/products/five-star-coffee-coffe-cup-moments-signature-romance-sampler-package.html]
[theme650-coffe-shop.myshopify.com/collections/espresso/products/guilt-free-decaf-by-findlays-finest-gourmet-coffee.html]
[theme650-coffe-shop.myshopify.com/collections/espresso/products/illy-caffe-medium-roast-ground-coffee-red-band.html]
[theme650-coffe-shop.myshopify.com/collections/espresso/products/keurig-green-mountain-coffee-breakfast-blend-k-cup.html]
[theme650-coffe-shop.myshopify.com/collections/espresso/products/kicking-horse-coffee-454-horse-power-dark-whole-bean-coffee.html]
[theme650-coffe-shop.myshopify.com/collections/espresso.html]
[theme650-coffe-shop.myshopify.com/collections/espresso/products/lavazza-caffe-espresso-ground-coffee-8-ounce-cans.html]
[theme650-coffe-shop.myshopify.com/collections/organic-coffee.atom]
[theme650-coffe-shop.myshopify.com/collections/organic-coffee4658.html]
[theme650-coffe-shop.myshopify.com/collections/organic-coffee.oembed]
[theme650-coffe-shop.myshopify.com/collections/organic-coffee/chocolate-world.html]
[theme650-coffe-shop.myshopify.com/collections/organic-coffee/latte-macchiatto.html]
[theme650-coffe-shop.myshopify.com/collections/organic-coffee/macchiatto.html]
[theme650-coffe-shop.myshopify.com/collections/organic-coffee/moca-madness.html]
[theme650-coffe-shop.myshopify.com/collections/organic-coffee/mochaccino.html]
[theme650-coffe-shop.myshopify.com/collections/organic-coffee/products/keurig-green-mountain-coffee-breakfast-blend-k-cup.html]
[theme650-coffe-shop.myshopify.com/collections/organic-coffee/products/kicking-horse-coffee-454-horse-power-dark-whole-bean-coffee.html]
[theme650-coffe-shop.myshopify.com/collections/organic-coffee/products/lavazza-caffe-espresso-ground-coffee-8-ounce-cans.html]
[theme650-coffe-shop.myshopify.com/collections/organic-coffee/products/lavazza-crema-e-gusto-ground-coffee.html]
[theme650-coffe-shop.myshopify.com/collections/organic-coffee/products/lavazza-premium-house-blend-coffee.html]
[theme650-coffe-shop.myshopify.com/cdn/shop/products/lavazza_premium_house_blend_coffee_1_medium4b55.png]
[theme650-coffe-shop.myshopify.com/cdn/shop/products/lavazza_premium_house_blend_coffee_2_medium4b55.png]
[theme650-coffe-shop.myshopify.com/products/lavazza-premium-house-blend-coffee.html]
[theme650-coffe-shop.myshopify.com/collections/organic-coffee/products/marley-coffee-buffalo-soldier-24-count.html]
[theme650-coffe-shop.myshopify.com/cdn/shop/products/marley_coffee_buffalo_soldier_24_count_1_mediumf122.png]
[theme650-coffe-shop.myshopify.com/cdn/shop/products/marley_coffee_buffalo_soldier_24_count_2_mediumf122.png]
[theme650-coffe-shop.myshopify.com/collections/organic-coffee.html]
[theme650-coffe-shop.myshopify.com/products/marley-coffee-buffalo-soldier-24-count.html]
[theme650-coffe-shop.myshopify.com/collections/sale.atom]
[theme650-coffe-shop.myshopify.com/collections/sale4658.html]
[theme650-coffe-shop.myshopify.com/collections/sale.oembed]
[theme650-coffe-shop.myshopify.com/collections/sale/products/authentic-donut-shop-blend-coffee-chocolate-chip-cookie.html]
[theme650-coffe-shop.myshopify.com/collections/sale/chocolate-world.html]
[theme650-coffe-shop.myshopify.com/collections/sale/latte-macchiatto.html]
[theme650-coffe-shop.myshopify.com/collections/sale/mochaccino.html]
[theme650-coffe-shop.myshopify.com/collections/sale/products/cinnabon-k-cup-portion-pack-for-keurig-brewers-classic-cinnamon.html]
[theme650-coffe-shop.myshopify.com/collections/sale/products/don-francisco-hawaiian-hazelnut-coffee.html]
[theme650-coffe-shop.myshopify.com/collections/sale/products/douwe-egberts-excellent-aroma-whole-beans-coffee.html]
[theme650-coffe-shop.myshopify.com/collections/sale/products/guilt-free-decaf-by-findlays-finest-gourmet-coffee.html]
[theme650-coffe-shop.myshopify.com/collections/sale/products/illy-caffe-medium-roast-ground-coffee-red-band.html]
[theme650-coffe-shop.myshopify.com/collections/sale/products/keurig-green-mountain-coffee-breakfast-blend-k-cup.html]
[theme650-coffe-shop.myshopify.com/collections/sale.html]
[theme650-coffe-shop.myshopify.com/collections/sale/products/lavazza-caffe-espresso-ground-coffee-8-ounce-cans.html]
[theme650-coffe-shop.myshopify.com/products/authentic-donut-shop-blend-coffee-chocolate-chip-cookie.oembed]
[theme650-coffe-shop.myshopify.com/products/POST]
[theme650-coffe-shop.myshopify.com/cdn/shop/products/authentic_donut_shop_blend_coffee_chocolate_chip_cookie_1_efcb458b-b1d3-4ab9-b260-16a5777ecce8_grandef27c.png]
[theme650-coffe-shop.myshopify.com/cdn/shop/products/authentic_donut_shop_blend_coffee_chocolate_chip_cookie_1_efcb458b-b1d3-4ab9-b260-16a5777ecce8_compactf27c.png]
[theme650-coffe-shop.myshopify.com/cdn/shop/products/authentic_donut_shop_blend_coffee_chocolate_chip_cookie_2_05a1ea11-6541-4f9a-8cf5-84934fbf52d5_compactf27c.png]
[theme650-coffe-shop.myshopify.com/cdn/shop/products/authentic_donut_shop_blend_coffee_chocolate_chip_cookie_3_ec7619cb-573f-40fb-a39b-32c9d42467dc_compactf27c.png]
[theme650-coffe-shop.myshopify.com/cdn/shop/products/authentic_donut_shop_blend_coffee_chocolate_chip_cookie_4_2bce6c5e-4c5f-485a-82be-ef0fd038bc41_compactf27c.png]
[theme650-coffe-shop.myshopify.com/cdn/shop/products/authentic_donut_shop_blend_coffee_chocolate_chip_cookie_5_compactf27c.png]
[theme650-coffe-shop.myshopify.com/products/-]
[theme650-coffe-shop.myshopify.com/cdn/shop/t/2/assets/jquery.elevatezoom3ac2.js]
[s7.addthis.com/js/300/addthis_widget.js]
[theme650-coffe-shop.myshopify.com/products/authentic-donut-shop-blend-coffee-chocolate-chip-cookie.html]
[theme650-coffe-shop.myshopify.com/products/cafe-du-monde-coffee-french-roast.oembed]
[theme650-coffe-shop.myshopify.com/cdn/shop/products/cafe_du_monde_coffee_french_roast_1_grandee485.png]
[theme650-coffe-shop.myshopify.com/cdn/shop/products/cafe_du_monde_coffee_french_roast_1_compacte485.png]
[theme650-coffe-shop.myshopify.com/cdn/shop/products/cafe_du_monde_coffee_french_roast_2_compacte485.png]
[theme650-coffe-shop.myshopify.com/cdn/shop/products/cafe_du_monde_coffee_french_roast_3_compacte485.png]
[theme650-coffe-shop.myshopify.com/cdn/shop/products/cafe_du_monde_coffee_french_roast_4_compacte485.png]
[theme650-coffe-shop.myshopify.com/cdn/shop/products/cafe_du_monde_coffee_french_roast_5_compacte485.png]
[theme650-coffe-shop.myshopify.com/products/cafe-du-monde-coffee-french-roast.html]
[theme650-coffe-shop.myshopify.com/blogs/news.atom]
[theme650-coffe-shop.myshopify.com/blogs/POST]
[theme650-coffe-shop.myshopify.com/blogs/news.html]
[theme650-coffe-shop.myshopify.com/products/lavazza-crema-e-gusto-ground-coffee.oembed]
[theme650-coffe-shop.myshopify.com/cdn/shop/products/lavazza_crema_e_gusto_ground_coffee_1_grande7025.png]
[theme650-coffe-shop.myshopify.com/cdn/shop/products/lavazza_crema_e_gusto_ground_coffee_1_compact7025.png]
[theme650-coffe-shop.myshopify.com/cdn/shop/products/lavazza_crema_e_gusto_ground_coffee_2_compact7025.png]
[theme650-coffe-shop.myshopify.com/cdn/shop/products/lavazza_crema_e_gusto_ground_coffee_3_compact7025.png]
[theme650-coffe-shop.myshopify.com/cdn/shop/products/lavazza_crema_e_gusto_ground_coffee_4_compact7025.png]
[theme650-coffe-shop.myshopify.com/cdn/shop/products/lavazza_crema_e_gusto_ground_coffee_5_compact7025.png]
[theme650-coffe-shop.myshopify.com/products/lavazza-crema-e-gusto-ground-coffee.html]
[theme650-coffe-shop.myshopify.com/products/douwe-egberts-douwe-egberts-filter-blend-ground-coffee-medium-roast.oembed]
[theme650-coffe-shop.myshopify.com/cdn/shop/products/douwe_egberts_douwe_egberts_filter_blend_ground_coffee_medium_roast_1_grande5704.png]
[theme650-coffe-shop.myshopify.com/cdn/shop/products/douwe_egberts_douwe_egberts_filter_blend_ground_coffee_medium_roast_1_compact5704.png]
[theme650-coffe-shop.myshopify.com/cdn/shop/products/douwe_egberts_douwe_egberts_filter_blend_ground_coffee_medium_roast_2_compact5704.png]
[theme650-coffe-shop.myshopify.com/cdn/shop/products/douwe_egberts_douwe_egberts_filter_blend_ground_coffee_medium_roast_3_compact5704.png]
[theme650-coffe-shop.myshopify.com/cdn/shop/products/douwe_egberts_douwe_egberts_filter_blend_ground_coffee_medium_roast_4_compact5704.png]
[theme650-coffe-shop.myshopify.com/cdn/shop/products/douwe_egberts_douwe_egberts_filter_blend_ground_coffee_medium_roast_5_compact5704.png]
[theme650-coffe-shop.myshopify.com/products/douwe-egberts-douwe-egberts-filter-blend-ground-coffee-medium-roast.html]
[theme650-coffe-shop.myshopify.com/products/douwe-egberts-excellent-aroma-whole-beans-coffee.oembed]
[theme650-coffe-shop.myshopify.com/cdn/shop/products/douwe_egberts_excellent_aroma_whole_beans_coffee_1_granded54f.png]
[theme650-coffe-shop.myshopify.com/cdn/shop/products/douwe_egberts_excellent_aroma_whole_beans_coffee_1_compactd54f.png]
[theme650-coffe-shop.myshopify.com/cdn/shop/products/douwe_egberts_excellent_aroma_whole_beans_coffee_2_compactd54f.png]
[theme650-coffe-shop.myshopify.com/cdn/shop/products/douwe_egberts_excellent_aroma_whole_beans_coffee_3_compactd54f.png]
[theme650-coffe-shop.myshopify.com/cdn/shop/products/douwe_egberts_excellent_aroma_whole_beans_coffee_4_compactd54f.png]
[theme650-coffe-shop.myshopify.com/cdn/shop/products/douwe_egberts_excellent_aroma_whole_beans_coffee_5_compactd54f.png]
[theme650-coffe-shop.myshopify.com/products/douwe-egberts-excellent-aroma-whole-beans-coffee.html]
[theme650-coffe-shop.myshopify.com/products/five-star-coffee-coffe-cup-moments-signature-romance-sampler-package.oembed]
[theme650-coffe-shop.myshopify.com/cdn/shop/products/five_star_coffee_coffe_cup_moments_signature_romance_sampler_package_1_grande4787.png]
[theme650-coffe-shop.myshopify.com/cdn/shop/products/five_star_coffee_coffe_cup_moments_signature_romance_sampler_package_1_compact4787.png]
[theme650-coffe-shop.myshopify.com/cdn/shop/products/five_star_coffee_coffe_cup_moments_signature_romance_sampler_package_2_compact4787.png]
[theme650-coffe-shop.myshopify.com/cdn/shop/products/five_star_coffee_coffe_cup_moments_signature_romance_sampler_package_3_compact4787.png]
[theme650-coffe-shop.myshopify.com/cdn/shop/products/five_star_coffee_coffe_cup_moments_signature_romance_sampler_package_4_compact4787.png]
[theme650-coffe-shop.myshopify.com/cdn/shop/products/five_star_coffee_coffe_cup_moments_signature_romance_sampler_package_5_compact4787.png]
[theme650-coffe-shop.myshopify.com/products/five-star-coffee-coffe-cup-moments-signature-romance-sampler-package.html]
[theme650-coffe-shop.myshopify.com/products/guilt-free-decaf-by-findlays-finest-gourmet-coffee.oembed]
[theme650-coffe-shop.myshopify.com/cdn/shop/products/guilt_free_decaf_by_findlays_finest_gourmet_coffee_1_grande7164.png]
[theme650-coffe-shop.myshopify.com/cdn/shop/products/guilt_free_decaf_by_findlays_finest_gourmet_coffee_1_compact7164.png]
[theme650-coffe-shop.myshopify.com/cdn/shop/products/guilt_free_decaf_by_findlays_finest_gourmet_coffee_2_compact7164.png]
[theme650-coffe-shop.myshopify.com/cdn/shop/products/guilt_free_decaf_by_findlays_finest_gourmet_coffee_3_compact7164.png]
[theme650-coffe-shop.myshopify.com/cdn/shop/products/guilt_free_decaf_by_findlays_finest_gourmet_coffee_4_compact7164.png]
[theme650-coffe-shop.myshopify.com/cdn/shop/products/guilt_free_decaf_by_findlays_finest_gourmet_coffee_5_compact7164.png]
[theme650-coffe-shop.myshopify.com/products/guilt-free-decaf-by-findlays-finest-gourmet-coffee.html]
[theme650-coffe-shop.myshopify.com/products/illy-caffe-medium-roast-ground-coffee-red-band.oembed]
[theme650-coffe-shop.myshopify.com/cdn/shop/products/illy_caffe_medium_roast_ground_coffee_red_band_1_grandeb0f5.png]
[theme650-coffe-shop.myshopify.com/cdn/shop/products/illy_caffe_medium_roast_ground_coffee_red_band_1_compactb0f5.png]
[theme650-coffe-shop.myshopify.com/cdn/shop/products/illy_caffe_medium_roast_ground_coffee_red_band_2_compactb0f5.png]
[theme650-coffe-shop.myshopify.com/cdn/shop/products/illy_caffe_medium_roast_ground_coffee_red_band_3_compactb0f5.png]
[theme650-coffe-shop.myshopify.com/cdn/shop/products/illy_caffe_medium_roast_ground_coffee_red_band_4_compactb0f5.png]
[theme650-coffe-shop.myshopify.com/cdn/shop/products/illy_caffe_medium_roast_ground_coffee_red_band_5_compactb0f5.png]
[theme650-coffe-shop.myshopify.com/products/illy-caffe-medium-roast-ground-coffee-red-band.html]
[theme650-coffe-shop.myshopify.com/products/illy-ground-coffee-drip-grind.oembed]
[theme650-coffe-shop.myshopify.com/cdn/shop/products/illy_ground_coffee_drip_grind_1_grandea3d8.png]
[theme650-coffe-shop.myshopify.com/cdn/shop/products/illy_ground_coffee_drip_grind_1_compacta3d8.png]
[theme650-coffe-shop.myshopify.com/cdn/shop/products/illy_ground_coffee_drip_grind_2_compacta3d8.png]
[theme650-coffe-shop.myshopify.com/cdn/shop/products/illy_ground_coffee_drip_grind_3_compacta3d8.png]
[theme650-coffe-shop.myshopify.com/cdn/shop/products/illy_ground_coffee_drip_grind_4_compacta3d8.png]
[theme650-coffe-shop.myshopify.com/cdn/shop/products/illy_ground_coffee_drip_grind_5_compacta3d8.png]
[theme650-coffe-shop.myshopify.com/products/illy-ground-coffee-drip-grind.html]
[theme650-coffe-shop.myshopify.com/products/keurig-green-mountain-coffee-breakfast-blend-k-cup.oembed]
[theme650-coffe-shop.myshopify.com/cdn/shop/products/keurig_green_mountain_coffee_breakfast_blend_k_cup_1_grande03c5.png]
[theme650-coffe-shop.myshopify.com/cdn/shop/products/keurig_green_mountain_coffee_breakfast_blend_k_cup_2_compact03c5.png]
[theme650-coffe-shop.myshopify.com/cdn/shop/products/keurig_green_mountain_coffee_breakfast_blend_k_cup_3_compact03c5.png]
[theme650-coffe-shop.myshopify.com/cdn/shop/products/keurig_green_mountain_coffee_breakfast_blend_k_cup_4_compact03c5.png]
[theme650-coffe-shop.myshopify.com/cdn/shop/products/keurig_green_mountain_coffee_breakfast_blend_k_cup_5_compact03c5.png]
[theme650-coffe-shop.myshopify.com/products/keurig-green-mountain-coffee-breakfast-blend-k-cup.html]
[theme650-coffe-shop.myshopify.com/products/kicking-horse-coffee-454-horse-power-dark-whole-bean-coffee.oembed]
[theme650-coffe-shop.myshopify.com/cdn/shop/products/kicking_horse_coffee_454_horse_power_dark_whole_bean_coffee_1_grandeb53f.png]
[theme650-coffe-shop.myshopify.com/cdn/shop/products/kicking_horse_coffee_454_horse_power_dark_whole_bean_coffee_2_compactb53f.png]
[theme650-coffe-shop.myshopify.com/cdn/shop/products/kicking_horse_coffee_454_horse_power_dark_whole_bean_coffee_3_compactb53f.png]
[theme650-coffe-shop.myshopify.com/cdn/shop/products/kicking_horse_coffee_454_horse_power_dark_whole_bean_coffee_4_compactb53f.png]
[theme650-coffe-shop.myshopify.com/cdn/shop/products/kicking_horse_coffee_454_horse_power_dark_whole_bean_coffee_5_compactb53f.png]
[theme650-coffe-shop.myshopify.com/products/kicking-horse-coffee-454-horse-power-dark-whole-bean-coffee.html]
[theme650-coffe-shop.myshopify.com/products/lavazza-caffe-espresso-ground-coffee-8-ounce-cans.oembed]
[theme650-coffe-shop.myshopify.com/cdn/shop/products/lavazza_caffe_espresso_ground_coffee_8_ounce_cans_1_grande0281.png]
[theme650-coffe-shop.myshopify.com/cdn/shop/products/lavazza_caffe_espresso_ground_coffee_8_ounce_cans_2_compact0281.png]
[theme650-coffe-shop.myshopify.com/cdn/shop/products/lavazza_caffe_espresso_ground_coffee_8_ounce_cans_3_compact0281.png]
[theme650-coffe-shop.myshopify.com/cdn/shop/products/lavazza_caffe_espresso_ground_coffee_8_ounce_cans_4_compact0281.png]
[theme650-coffe-shop.myshopify.com/cdn/shop/products/lavazza_caffe_espresso_ground_coffee_8_ounce_cans_5_compact0281.png]
[theme650-coffe-shop.myshopify.com/products/lavazza-caffe-espresso-ground-coffee-8-ounce-cans.html]
[theme650-coffe-shop.myshopify.com/cdn/shop/t/2/assets/material-design59b9.html]
[theme650-coffe-shop.myshopify.com/cdn/shop/t/2/assets/material-design33b2.svg]
[theme650-coffe-shop.myshopify.com/cdn/shop/t/2/assets/fontawesome-webfont4373.svg]
[theme650-coffe-shop.myshopify.com/account/POST.html]
[theme650-coffe-shop.myshopify.com/cart/changea18a.js]
[theme650-coffe-shop.myshopify.com/collections/all2679.html]
[theme650-coffe-shop.myshopify.com/collections/all4658.html]
[theme650-coffe-shop.myshopify.com/collections/POST.html]
[theme650-coffe-shop.myshopify.com/collections/all/chocolate-world.atom]
[theme650-coffe-shop.myshopify.com/collections/all/chocolate-world.html]
[theme650-coffe-shop.myshopify.com/collections/all/latte-macchiatto.atom]
[theme650-coffe-shop.myshopify.com/products/melitta-coffee-classic-blend-ground-medium-roast.html]
[theme650-coffe-shop.myshopify.com/cdn/shop/products/melitta_coffee_classic_blend_ground_medium_roast_1_mediumf21f.png]
[theme650-coffe-shop.myshopify.com/cdn/shop/products/melitta_coffee_classic_blend_ground_medium_roast_2_mediumf21f.png]
[theme650-coffe-shop.myshopify.com/collections/all/latte-macchiatto.html]
[theme650-coffe-shop.myshopify.com/collections/all/macchiatto.atom]
[theme650-coffe-shop.myshopify.com/products/maxwell-house-original-roast-ground-coffee-value-container.html]
[theme650-coffe-shop.myshopify.com/cdn/shop/products/maxwell_house_original_roast_ground_coffee_value_container_1_medium815a.png]
[theme650-coffe-shop.myshopify.com/cdn/shop/products/maxwell_house_original_roast_ground_coffee_value_container_2_medium815a.png]
[theme650-coffe-shop.myshopify.com/collections/all/macchiatto.html]
[theme650-coffe-shop.myshopify.com/collections/all/moca-madness.atom]
[theme650-coffe-shop.myshopify.com/products/teeccino-herbal-coffee-mediterranean-java-caffeine-free.html]
[theme650-coffe-shop.myshopify.com/cdn/shop/products/teeccino_herbal_coffee_mediterranean_java_caffeine_free_1_mediumde50.png]
[theme650-coffe-shop.myshopify.com/cdn/shop/products/teeccino_herbal_coffee_mediterranean_java_caffeine_free_2_mediumde50.png]
[theme650-coffe-shop.myshopify.com/collections/all/moca-madness.html]
[theme650-coffe-shop.myshopify.com/collections/all/mochaccino.atom]
[theme650-coffe-shop.myshopify.com/products/puroast-low-acid-coffee-single-serve-keurig-compatible.html]
[theme650-coffe-shop.myshopify.com/cdn/shop/products/puroast_low_acid_coffee_single_serve_keurig_compatible_1_medium80c4.png]
[theme650-coffe-shop.myshopify.com/cdn/shop/products/puroast_low_acid_coffee_single_serve_keurig_compatible_2_medium80c4.png]
[theme650-coffe-shop.myshopify.com/collections/all/mochaccino.html]
[theme650-coffe-shop.myshopify.com/products/cinnabon-k-cup-portion-pack-for-keurig-brewers-classic-cinnamon.oembed]
[theme650-coffe-shop.myshopify.com/cdn/shop/products/cinnabon_k_cup_portion_pack_for_keurig_brewers_classic_cinnamon_1_grandecf64.png]
[theme650-coffe-shop.myshopify.com/cdn/shop/products/cinnabon_k_cup_portion_pack_for_keurig_brewers_classic_cinnamon_1_compactcf64.png]
[theme650-coffe-shop.myshopify.com/cdn/shop/products/cinnabon_k_cup_portion_pack_for_keurig_brewers_classic_cinnamon_2_compactcf64.png]
[theme650-coffe-shop.myshopify.com/cdn/shop/products/cinnabon_k_cup_portion_pack_for_keurig_brewers_classic_cinnamon_3_compactcf64.png]
[theme650-coffe-shop.myshopify.com/cdn/shop/products/cinnabon_k_cup_portion_pack_for_keurig_brewers_classic_cinnamon_4_compactcf64.png]
[theme650-coffe-shop.myshopify.com/cdn/shop/products/cinnabon_k_cup_portion_pack_for_keurig_brewers_classic_cinnamon_5_compactcf64.png]
[theme650-coffe-shop.myshopify.com/products/cinnabon-k-cup-portion-pack-for-keurig-brewers-classic-cinnamon.html]
[theme650-coffe-shop.myshopify.com/products/don-francisco-hawaiian-hazelnut-coffee.oembed]
[theme650-coffe-shop.myshopify.com/cdn/shop/products/don_francisco_hawaiian_hazelnut_coffee_1_grandef5c5.png]
[theme650-coffe-shop.myshopify.com/cdn/shop/products/don_francisco_hawaiian_hazelnut_coffee_1_compactf5c5.png]
[theme650-coffe-shop.myshopify.com/cdn/shop/products/don_francisco_hawaiian_hazelnut_coffee_2_compactf5c5.png]
[theme650-coffe-shop.myshopify.com/cdn/shop/products/don_francisco_hawaiian_hazelnut_coffee_3_compactf5c5.png]
[theme650-coffe-shop.myshopify.com/cdn/shop/products/don_francisco_hawaiian_hazelnut_coffee_4_compactf5c5.png]
[theme650-coffe-shop.myshopify.com/cdn/shop/products/don_francisco_hawaiian_hazelnut_coffee_5_compactf5c5.png]
[theme650-coffe-shop.myshopify.com/products/don-francisco-hawaiian-hazelnut-coffee.html]
[theme650-coffe-shop.myshopify.com/collections/all9ba9.html]
[theme650-coffe-shop.myshopify.com/collections/allfdb0.html]
[theme650-coffe-shop.myshopify.com/collections/types40a3.html]
[theme650-coffe-shop.myshopify.com/collections/types.html]
[theme650-coffe-shop.myshopify.com/collections/types6456.html]
[theme650-coffe-shop.myshopify.com/collections/types1bbc.html]
[theme650-coffe-shop.myshopify.com/collections/types0267.html]
[theme650-coffe-shop.myshopify.com/collections/types5e98.html]
[theme650-coffe-shop.myshopify.com/collections/types3481.html]
[theme650-coffe-shop.myshopify.com/collections/types1aad.html]
[theme650-coffe-shop.myshopify.com/collections/types3b5b.html]
[theme650-coffe-shop.myshopify.com/collections/types0ab3.html]
[theme650-coffe-shop.myshopify.com/collections/types5fae.html]
[theme650-coffe-shop.myshopify.com/collections/typese686.html]
[theme650-coffe-shop.myshopify.com/collections/typesc529.html]
[theme650-coffe-shop.myshopify.com/collections/typesc0df.html]
[theme650-coffe-shop.myshopify.com/collections/types69e4.html]
[theme650-coffe-shop.myshopify.com/collections/typesf8d6.html]
[theme650-coffe-shop.myshopify.com/collections/vendorse421.html]
[theme650-coffe-shop.myshopify.com/collections/vendors.html]
[theme650-coffe-shop.myshopify.com/collections/vendors0e3f.html]
[theme650-coffe-shop.myshopify.com/collections/vendorsefe5.html]
[theme650-coffe-shop.myshopify.com/collections/vendors7fbb.html]
[theme650-coffe-shop.myshopify.com/collections/vendorse918.html]
[theme650-coffe-shop.myshopify.com/collections/vendorsb5c8.html]
[theme650-coffe-shop.myshopify.com/collections/vendorsd9f9.html]
[theme650-coffe-shop.myshopify.com/collections/vendors1de7.html]
[theme650-coffe-shop.myshopify.com/collections/vendors7ea1.html]
[theme650-coffe-shop.myshopify.com/collections/vendors5005.html]
[theme650-coffe-shop.myshopify.com/collections/vendors4a3d.html]
[theme650-coffe-shop.myshopify.com/collections/vendorscdc3.html]
[theme650-coffe-shop.myshopify.com/collections/vendorsc6f7.html]
[theme650-coffe-shop.myshopify.com/collections/vendors1a1f.html]
[theme650-coffe-shop.myshopify.com/collections/vendorsf08a.html]
[theme650-coffe-shop.myshopify.com/collections/americano2679.html]
[theme650-coffe-shop.myshopify.com/collections/americano4658.oembed]
[theme650-coffe-shop.myshopify.com/collections/americano/products/five-star-coffee-coffe-cup-moments-signature-romance-sampler-package.html]
[theme650-coffe-shop.myshopify.com/collections/americano/products/guilt-free-decaf-by-findlays-finest-gourmet-coffee.html]
[theme650-coffe-shop.myshopify.com/collections/americano/products/illy-caffe-medium-roast-ground-coffee-red-band.html]
[theme650-coffe-shop.myshopify.com/collections/americano/products/illy-ground-coffee-drip-grind.html]
[theme650-coffe-shop.myshopify.com/collections/americano4658.html]
[theme650-coffe-shop.myshopify.com/collections/americano/products/POST]
[theme650-coffe-shop.myshopify.com/collections/americano/products/-]
[theme650-coffe-shop.myshopify.com/collections/americano/products/authentic-donut-shop-blend-coffee-chocolate-chip-cookie.html]
[theme650-coffe-shop.myshopify.com/collections/americano/products/cafe-du-monde-coffee-french-roast.html]
[theme650-coffe-shop.myshopify.com/collections/americano/chocolate-world.atom]
[theme650-coffe-shop.myshopify.com/collections/americano/chocolate-world.oembed]
[theme650-coffe-shop.myshopify.com/collections/americano/chocolate-world.html]
[theme650-coffe-shop.myshopify.com/collections/americano/latte-macchiatto.atom]
[theme650-coffe-shop.myshopify.com/collections/americano/latte-macchiatto.oembed]
[theme650-coffe-shop.myshopify.com/collections/americano/latte-macchiatto.html]
[theme650-coffe-shop.myshopify.com/collections/americano/macchiatto.atom]
[theme650-coffe-shop.myshopify.com/collections/americano/macchiatto.oembed]
[theme650-coffe-shop.myshopify.com/collections/americano/macchiatto.html]
[theme650-coffe-shop.myshopify.com/collections/americano/moca-madness.atom]
[theme650-coffe-shop.myshopify.com/collections/americano/moca-madness.oembed]
[theme650-coffe-shop.myshopify.com/collections/americano/moca-madness.html]
[theme650-coffe-shop.myshopify.com/collections/americano/mochaccino.atom]
[theme650-coffe-shop.myshopify.com/collections/americano/mochaccino.oembed]
[theme650-coffe-shop.myshopify.com/collections/americano/mochaccino.html]
[theme650-coffe-shop.myshopify.com/collections/americano/products/cinnabon-k-cup-portion-pack-for-keurig-brewers-classic-cinnamon.html]
[theme650-coffe-shop.myshopify.com/collections/americano/products/don-francisco-hawaiian-hazelnut-coffee.html]
[theme650-coffe-shop.myshopify.com/collections/americano/products/douwe-egberts-douwe-egberts-filter-blend-ground-coffee-medium-roast.html]
[theme650-coffe-shop.myshopify.com/collections/americano/products/douwe-egberts-excellent-aroma-whole-beans-coffee.html]
[theme650-coffe-shop.myshopify.com/collections/coffe2679.html]
[theme650-coffe-shop.myshopify.com/collections/coffe4658.oembed]
[theme650-coffe-shop.myshopify.com/collections/coffe/products/illy-caffe-medium-roast-ground-coffee-red-band.html]
[theme650-coffe-shop.myshopify.com/collections/coffe/products/illy-ground-coffee-drip-grind.html]
[theme650-coffe-shop.myshopify.com/collections/coffe4658.html]
[theme650-coffe-shop.myshopify.com/collections/coffe/chocolate-world.atom]
[theme650-coffe-shop.myshopify.com/collections/coffe/chocolate-world.oembed]
[theme650-coffe-shop.myshopify.com/collections/coffe/chocolate-world.html]
[theme650-coffe-shop.myshopify.com/collections/coffe/latte-macchiatto.atom]
[theme650-coffe-shop.myshopify.com/collections/coffe/latte-macchiatto.oembed]
[theme650-coffe-shop.myshopify.com/collections/coffe/latte-macchiatto.html]
[theme650-coffe-shop.myshopify.com/collections/coffe/macchiatto.atom]
[theme650-coffe-shop.myshopify.com/collections/coffe/macchiatto.oembed]
[theme650-coffe-shop.myshopify.com/collections/coffe/macchiatto.html]
[theme650-coffe-shop.myshopify.com/collections/coffe/moca-madness.atom]
[theme650-coffe-shop.myshopify.com/collections/coffe/moca-madness.oembed]
[theme650-coffe-shop.myshopify.com/collections/coffe/moca-madness.html]
[theme650-coffe-shop.myshopify.com/collections/coffe/mochaccino.atom]
[theme650-coffe-shop.myshopify.com/collections/coffe/mochaccino.oembed]
[theme650-coffe-shop.myshopify.com/collections/coffe/mochaccino.html]
[theme650-coffe-shop.myshopify.com/collections/coffe/products/POST]
[theme650-coffe-shop.myshopify.com/collections/coffe/products/cinnabon-k-cup-portion-pack-for-keurig-brewers-classic-cinnamon.html]
[theme650-coffe-shop.myshopify.com/collections/coffe/products/-]
[theme650-coffe-shop.myshopify.com/collections/coffe/products/don-francisco-hawaiian-hazelnut-coffee.html]
[theme650-coffe-shop.myshopify.com/collections/coffe/products/douwe-egberts-douwe-egberts-filter-blend-ground-coffee-medium-roast.html]
[theme650-coffe-shop.myshopify.com/collections/coffe/products/douwe-egberts-excellent-aroma-whole-beans-coffee.html]
[theme650-coffe-shop.myshopify.com/collections/coffe/products/five-star-coffee-coffe-cup-moments-signature-romance-sampler-package.html]
[theme650-coffe-shop.myshopify.com/collections/coffe/products/guilt-free-decaf-by-findlays-finest-gourmet-coffee.html]
[theme650-coffe-shop.myshopify.com/collections/coffe/products/keurig-green-mountain-coffee-breakfast-blend-k-cup.html]
[theme650-coffe-shop.myshopify.com/collections/coffe/products/kicking-horse-coffee-454-horse-power-dark-whole-bean-coffee.html]
[theme650-coffe-shop.myshopify.com/collections/espresso2679.html]
[theme650-coffe-shop.myshopify.com/collections/espresso4658.oembed]
[theme650-coffe-shop.myshopify.com/collections/espresso4658.html]
[theme650-coffe-shop.myshopify.com/collections/espresso/products/illy-ground-coffee-drip-grind.html]
[theme650-coffe-shop.myshopify.com/collections/espresso/chocolate-world.atom]
[theme650-coffe-shop.myshopify.com/collections/espresso/chocolate-world.oembed]
[theme650-coffe-shop.myshopify.com/collections/espresso/chocolate-world.html]
[theme650-coffe-shop.myshopify.com/collections/espresso/latte-macchiatto.atom]
[theme650-coffe-shop.myshopify.com/collections/espresso/latte-macchiatto.oembed]
[theme650-coffe-shop.myshopify.com/collections/espresso/latte-macchiatto.html]
[theme650-coffe-shop.myshopify.com/collections/espresso/macchiatto.atom]
[theme650-coffe-shop.myshopify.com/collections/espresso/macchiatto.oembed]
[theme650-coffe-shop.myshopify.com/collections/espresso/macchiatto.html]
[theme650-coffe-shop.myshopify.com/collections/espresso/moca-madness.atom]
[theme650-coffe-shop.myshopify.com/collections/espresso/moca-madness.oembed]
[theme650-coffe-shop.myshopify.com/collections/espresso/moca-madness.html]
[theme650-coffe-shop.myshopify.com/collections/espresso/mochaccino.atom]
[theme650-coffe-shop.myshopify.com/collections/espresso/mochaccino.oembed]
[theme650-coffe-shop.myshopify.com/collections/espresso/mochaccino.html]
[theme650-coffe-shop.myshopify.com/collections/espresso/products/POST]
[theme650-coffe-shop.myshopify.com/collections/espresso/products/-]
[theme650-coffe-shop.myshopify.com/collections/espresso/products/lavazza-crema-e-gusto-ground-coffee.html]
[theme650-coffe-shop.myshopify.com/collections/espresso/products/douwe-egberts-douwe-egberts-filter-blend-ground-coffee-medium-roast.html]
[theme650-coffe-shop.myshopify.com/collections/espresso/products/douwe-egberts-excellent-aroma-whole-beans-coffee.html]
[theme650-coffe-shop.myshopify.com/collections/espresso/products/five-star-coffee-coffe-cup-moments-signature-romance-sampler-package.html]
[theme650-coffe-shop.myshopify.com/collections/espresso/products/guilt-free-decaf-by-findlays-finest-gourmet-coffee.html]
[theme650-coffe-shop.myshopify.com/collections/espresso/products/illy-caffe-medium-roast-ground-coffee-red-band.html]
[theme650-coffe-shop.myshopify.com/collections/espresso/products/keurig-green-mountain-coffee-breakfast-blend-k-cup.html]
[theme650-coffe-shop.myshopify.com/collections/espresso/products/kicking-horse-coffee-454-horse-power-dark-whole-bean-coffee.html]
[theme650-coffe-shop.myshopify.com/collections/espresso/products/lavazza-caffe-espresso-ground-coffee-8-ounce-cans.html]
[theme650-coffe-shop.myshopify.com/collections/organic-coffee2679.html]
[theme650-coffe-shop.myshopify.com/collections/organic-coffee4658.oembed]
[theme650-coffe-shop.myshopify.com/collections/organic-coffee/products/maxwell-house-original-roast-ground-coffee-value-container.html]
[theme650-coffe-shop.myshopify.com/collections/organic-coffee/products/melitta-coffee-classic-blend-ground-medium-roast.html]
[theme650-coffe-shop.myshopify.com/collections/organic-coffee/products/puroast-low-acid-coffee-single-serve-keurig-compatible.html]
[theme650-coffe-shop.myshopify.com/collections/organic-coffee4658.html]
[theme650-coffe-shop.myshopify.com/collections/organic-coffee/products/teeccino-herbal-coffee-mediterranean-java-caffeine-free.html]
[theme650-coffe-shop.myshopify.com/collections/organic-coffee/chocolate-world.atom]
[theme650-coffe-shop.myshopify.com/collections/organic-coffee/chocolate-world.oembed]
[theme650-coffe-shop.myshopify.com/collections/organic-coffee/chocolate-world.html]
[theme650-coffe-shop.myshopify.com/collections/organic-coffee/latte-macchiatto.atom]
[theme650-coffe-shop.myshopify.com/collections/organic-coffee/latte-macchiatto.oembed]
[theme650-coffe-shop.myshopify.com/collections/organic-coffee/latte-macchiatto.html]
[theme650-coffe-shop.myshopify.com/collections/organic-coffee/macchiatto.atom]
[theme650-coffe-shop.myshopify.com/collections/organic-coffee/macchiatto.oembed]
[theme650-coffe-shop.myshopify.com/collections/organic-coffee/macchiatto.html]
[theme650-coffe-shop.myshopify.com/collections/organic-coffee/moca-madness.atom]
[theme650-coffe-shop.myshopify.com/collections/organic-coffee/moca-madness.oembed]
[theme650-coffe-shop.myshopify.com/collections/organic-coffee/moca-madness.html]
[theme650-coffe-shop.myshopify.com/collections/organic-coffee/mochaccino.atom]
[theme650-coffe-shop.myshopify.com/collections/organic-coffee/mochaccino.oembed]
[theme650-coffe-shop.myshopify.com/collections/organic-coffee/mochaccino.html]
[theme650-coffe-shop.myshopify.com/collections/organic-coffee/products/POST]
[theme650-coffe-shop.myshopify.com/collections/organic-coffee/products/keurig-green-mountain-coffee-breakfast-blend-k-cup.html]
[theme650-coffe-shop.myshopify.com/collections/organic-coffee/products/-]
[theme650-coffe-shop.myshopify.com/collections/organic-coffee/products/kicking-horse-coffee-454-horse-power-dark-whole-bean-coffee.html]
[theme650-coffe-shop.myshopify.com/collections/organic-coffee/products/lavazza-caffe-espresso-ground-coffee-8-ounce-cans.html]
[theme650-coffe-shop.myshopify.com/collections/organic-coffee/products/lavazza-crema-e-gusto-ground-coffee.html]
[theme650-coffe-shop.myshopify.com/products/lavazza-premium-house-blend-coffee.oembed]
[theme650-coffe-shop.myshopify.com/cdn/shop/products/lavazza_premium_house_blend_coffee_1_grande4b55.png]
[theme650-coffe-shop.myshopify.com/cdn/shop/products/lavazza_premium_house_blend_coffee_1_compact4b55.png]
[theme650-coffe-shop.myshopify.com/cdn/shop/products/lavazza_premium_house_blend_coffee_2_compact4b55.png]
[theme650-coffe-shop.myshopify.com/cdn/shop/products/lavazza_premium_house_blend_coffee_3_compact4b55.png]
[theme650-coffe-shop.myshopify.com/cdn/shop/products/lavazza_premium_house_blend_coffee_4_compact4b55.png]
[theme650-coffe-shop.myshopify.com/cdn/shop/products/lavazza_premium_house_blend_coffee_5_compact4b55.png]
[theme650-coffe-shop.myshopify.com/collections/organic-coffee/products/lavazza-premium-house-blend-coffee.html]
[theme650-coffe-shop.myshopify.com/products/lavazza-premium-house-blend-coffee.html]
[theme650-coffe-shop.myshopify.com/cdn/shop/products/marley_coffee_buffalo_soldier_24_count_1_grandef122.png]
[theme650-coffe-shop.myshopify.com/cdn/shop/products/marley_coffee_buffalo_soldier_24_count_1_compactf122.png]
[theme650-coffe-shop.myshopify.com/cdn/shop/products/marley_coffee_buffalo_soldier_24_count_2_compactf122.png]
[theme650-coffe-shop.myshopify.com/cdn/shop/products/marley_coffee_buffalo_soldier_24_count_3_compactf122.png]
[theme650-coffe-shop.myshopify.com/cdn/shop/products/marley_coffee_buffalo_soldier_24_count_4_compactf122.png]
[theme650-coffe-shop.myshopify.com/cdn/shop/products/marley_coffee_buffalo_soldier_24_count_5_compactf122.png]
[theme650-coffe-shop.myshopify.com/collections/organic-coffee/products/marley-coffee-buffalo-soldier-24-count.html]
[theme650-coffe-shop.myshopify.com/products/marley-coffee-buffalo-soldier-24-count.html]
[theme650-coffe-shop.myshopify.com/collections/sale2679.html]
[theme650-coffe-shop.myshopify.com/collections/sale4658.html]
[theme650-coffe-shop.myshopify.com/collections/sale/products/authentic-donut-shop-blend-coffee-chocolate-chip-cookie.html]
[theme650-coffe-shop.myshopify.com/collections/sale/chocolate-world.html]
[theme650-coffe-shop.myshopify.com/collections/sale/latte-macchiatto.html]
[theme650-coffe-shop.myshopify.com/collections/sale/mochaccino.html]
[theme650-coffe-shop.myshopify.com/collections/sale/products/cinnabon-k-cup-portion-pack-for-keurig-brewers-classic-cinnamon.html]
[theme650-coffe-shop.myshopify.com/collections/sale/products/don-francisco-hawaiian-hazelnut-coffee.html]
[theme650-coffe-shop.myshopify.com/collections/sale/products/douwe-egberts-excellent-aroma-whole-beans-coffee.html]
[theme650-coffe-shop.myshopify.com/collections/sale/products/guilt-free-decaf-by-findlays-finest-gourmet-coffee.html]
[theme650-coffe-shop.myshopify.com/collections/sale/products/illy-caffe-medium-roast-ground-coffee-red-band.html]
[theme650-coffe-shop.myshopify.com/collections/sale/products/keurig-green-mountain-coffee-breakfast-blend-k-cup.html]
[theme650-coffe-shop.myshopify.com/collections/sale/products/lavazza-caffe-espresso-ground-coffee-8-ounce-cans.html]
[theme650-coffe-shop.myshopify.com/products/POST.html]
[theme650-coffe-shop.myshopify.com/products/-.html]
[theme650-coffe-shop.myshopify.com/blogs/POST.html]
[theme650-coffe-shop.myshopify.com/collections/all2679.html]
[theme650-coffe-shop.myshopify.com/cdn/shop/products/melitta_coffee_classic_blend_ground_medium_roast_1_grandef21f.png]
[theme650-coffe-shop.myshopify.com/cdn/shop/products/melitta_coffee_classic_blend_ground_medium_roast_1_compactf21f.png]
[theme650-coffe-shop.myshopify.com/cdn/shop/products/melitta_coffee_classic_blend_ground_medium_roast_2_compactf21f.png]
[theme650-coffe-shop.myshopify.com/cdn/shop/products/melitta_coffee_classic_blend_ground_medium_roast_3_compactf21f.png]
[theme650-coffe-shop.myshopify.com/cdn/shop/products/melitta_coffee_classic_blend_ground_medium_roast_4_compactf21f.png]
[theme650-coffe-shop.myshopify.com/cdn/shop/products/melitta_coffee_classic_blend_ground_medium_roast_5_compactf21f.png]
[theme650-coffe-shop.myshopify.com/products/melitta-coffee-classic-blend-ground-medium-roast.html]
[theme650-coffe-shop.myshopify.com/cdn/shop/products/maxwell_house_original_roast_ground_coffee_value_container_1_grande815a.png]
[theme650-coffe-shop.myshopify.com/cdn/shop/products/maxwell_house_original_roast_ground_coffee_value_container_1_compact815a.png]
[theme650-coffe-shop.myshopify.com/cdn/shop/products/maxwell_house_original_roast_ground_coffee_value_container_2_compact815a.png]
[theme650-coffe-shop.myshopify.com/cdn/shop/products/maxwell_house_original_roast_ground_coffee_value_container_3_compact815a.png]
[theme650-coffe-shop.myshopify.com/cdn/shop/products/maxwell_house_original_roast_ground_coffee_value_container_4_compact815a.png]
[theme650-coffe-shop.myshopify.com/cdn/shop/products/maxwell_house_original_roast_ground_coffee_value_container_5_compact815a.png]
[theme650-coffe-shop.myshopify.com/products/maxwell-house-original-roast-ground-coffee-value-container.html]
[theme650-coffe-shop.myshopify.com/products/teeccino-herbal-coffee-mediterranean-java-caffeine-free.oembed]
[theme650-coffe-shop.myshopify.com/cdn/shop/products/teeccino_herbal_coffee_mediterranean_java_caffeine_free_1_grandede50.png]
[theme650-coffe-shop.myshopify.com/cdn/shop/products/teeccino_herbal_coffee_mediterranean_java_caffeine_free_1_compactde50.png]
[theme650-coffe-shop.myshopify.com/cdn/shop/products/teeccino_herbal_coffee_mediterranean_java_caffeine_free_2_compactde50.png]
[theme650-coffe-shop.myshopify.com/cdn/shop/products/teeccino_herbal_coffee_mediterranean_java_caffeine_free_3_compactde50.png]
[theme650-coffe-shop.myshopify.com/cdn/shop/products/teeccino_herbal_coffee_mediterranean_java_caffeine_free_4_compactde50.png]
[theme650-coffe-shop.myshopify.com/cdn/shop/products/teeccino_herbal_coffee_mediterranean_java_caffeine_free_5_compactde50.png]
[theme650-coffe-shop.myshopify.com/products/teeccino-herbal-coffee-mediterranean-java-caffeine-free.html]
[theme650-coffe-shop.myshopify.com/cdn/shop/products/puroast_low_acid_coffee_single_serve_keurig_compatible_1_grande80c4.png]
[theme650-coffe-shop.myshopify.com/cdn/shop/products/puroast_low_acid_coffee_single_serve_keurig_compatible_1_compact80c4.png]
[theme650-coffe-shop.myshopify.com/cdn/shop/products/puroast_low_acid_coffee_single_serve_keurig_compatible_2_compact80c4.png]
[theme650-coffe-shop.myshopify.com/cdn/shop/products/puroast_low_acid_coffee_single_serve_keurig_compatible_3_compact80c4.png]
[theme650-coffe-shop.myshopify.com/cdn/shop/products/puroast_low_acid_coffee_single_serve_keurig_compatible_4_compact80c4.png]
[theme650-coffe-shop.myshopify.com/cdn/shop/products/puroast_low_acid_coffee_single_serve_keurig_compatible_5_compact80c4.png]
[theme650-coffe-shop.myshopify.com/products/puroast-low-acid-coffee-single-serve-keurig-compatible.html]
[theme650-coffe-shop.myshopify.com/collections/types40a3.html]
[theme650-coffe-shop.myshopify.com/collections/types.html]
[theme650-coffe-shop.myshopify.com/collections/types6456.html]
[theme650-coffe-shop.myshopify.com/collections/types4b27.html]
[theme650-coffe-shop.myshopify.com/collections/types0267.html]
[theme650-coffe-shop.myshopify.com/collections/types5e98.html]
[theme650-coffe-shop.myshopify.com/collections/types1aad.html]
[theme650-coffe-shop.myshopify.com/collections/types3b5b.html]
[theme650-coffe-shop.myshopify.com/collections/types5fae.html]
[theme650-coffe-shop.myshopify.com/collections/typese686.html]
[theme650-coffe-shop.myshopify.com/collections/typesc0df.html]
[theme650-coffe-shop.myshopify.com/collections/types69e4.html]
[theme650-coffe-shop.myshopify.com/collections/vendors2718.html]
[theme650-coffe-shop.myshopify.com/collections/vendorse421.html]
[theme650-coffe-shop.myshopify.com/collections/vendors.html]
[theme650-coffe-shop.myshopify.com/collections/vendors0e3f.html]
[theme650-coffe-shop.myshopify.com/collections/vendors7fbb.html]
[theme650-coffe-shop.myshopify.com/collections/vendorse918.html]
[theme650-coffe-shop.myshopify.com/collections/vendorsd9f9.html]
[theme650-coffe-shop.myshopify.com/collections/vendors1de7.html]
[theme650-coffe-shop.myshopify.com/collections/vendors5005.html]
[theme650-coffe-shop.myshopify.com/collections/vendors4a3d.html]
[theme650-coffe-shop.myshopify.com/collections/vendors8368.html]
[theme650-coffe-shop.myshopify.com/collections/vendorsc6f7.html]
[theme650-coffe-shop.myshopify.com/collections/vendors1a1f.html]
[theme650-coffe-shop.myshopify.com/collections/americano2679.html]
[theme650-coffe-shop.myshopify.com/collections/americano/products/five-star-coffee-coffe-cup-moments-signature-romance-sampler-package.html]
[theme650-coffe-shop.myshopify.com/collections/americano/products/guilt-free-decaf-by-findlays-finest-gourmet-coffee.html]
[theme650-coffe-shop.myshopify.com/collections/americano/products/illy-caffe-medium-roast-ground-coffee-red-band.html]
[theme650-coffe-shop.myshopify.com/collections/americano/products/illy-ground-coffee-drip-grind.html]
[theme650-coffe-shop.myshopify.com/collections/americano/products/POST.html]
[theme650-coffe-shop.myshopify.com/collections/americano/products/-.html]
[theme650-coffe-shop.myshopify.com/collections/coffe2679.html]
[theme650-coffe-shop.myshopify.com/collections/coffe/products/illy-caffe-medium-roast-ground-coffee-red-band.html]
[theme650-coffe-shop.myshopify.com/collections/coffe/products/illy-ground-coffee-drip-grind.html]
[theme650-coffe-shop.myshopify.com/collections/coffe/products/POST.html]
[theme650-coffe-shop.myshopify.com/collections/coffe/products/-.html]
[theme650-coffe-shop.myshopify.com/collections/espresso2679.html]
[theme650-coffe-shop.myshopify.com/collections/espresso/products/illy-ground-coffee-drip-grind.html]
[theme650-coffe-shop.myshopify.com/collections/espresso/products/POST.html]
[theme650-coffe-shop.myshopify.com/collections/espresso/products/-.html]
[theme650-coffe-shop.myshopify.com/collections/organic-coffee2679.html]
[theme650-coffe-shop.myshopify.com/collections/organic-coffee/products/maxwell-house-original-roast-ground-coffee-value-container.html]
[theme650-coffe-shop.myshopify.com/collections/organic-coffee/products/melitta-coffee-classic-blend-ground-medium-roast.html]
[theme650-coffe-shop.myshopify.com/collections/organic-coffee/products/puroast-low-acid-coffee-single-serve-keurig-compatible.html]
[theme650-coffe-shop.myshopify.com/collections/organic-coffee/products/teeccino-herbal-coffee-mediterranean-java-caffeine-free.html]
[theme650-coffe-shop.myshopify.com/collections/organic-coffee/products/POST.html]
[theme650-coffe-shop.myshopify.com/collections/organic-coffee/products/-.html]
[theme650-coffe-shop.myshopify.com/collections/organic-coffee/products/authentic-donut-shop-blend-coffee-chocolate-chip-cookie.html]
[theme650-coffe-shop.myshopify.com/collections/organic-coffee/products/cafe-du-monde-coffee-french-roast.html]
[theme650-coffe-shop.myshopify.com/products/marley-coffee-buffalo-soldier-24-count-2.html]
[theme650-coffe-shop.myshopify.com/collections/sale2679.html]
[theme650-coffe-shop.myshopify.com/collections/sale4658-2.html]
[theme650-coffe-shop.myshopify.com/collections/sale/products/cafe-du-monde-coffee-french-roast.html]
[theme650-coffe-shop.myshopify.com/collections/sale/products/lavazza-crema-e-gusto-ground-coffee.html]
[theme650-coffe-shop.myshopify.com/collections/sale/products/marley-coffee-buffalo-soldier-24-count.html]
[theme650-coffe-shop.myshopify.com/collections/sale/products/melitta-coffee-classic-blend-ground-medium-roast.html]
[theme650-coffe-shop.myshopify.com/collections/sale/products/puroast-low-acid-coffee-single-serve-keurig-compatible.html]
[theme650-coffe-shop.myshopify.com/collections/sale/products/kicking-horse-coffee-454-horse-power-dark-whole-bean-coffee.html]
[theme650-coffe-shop.myshopify.com/collections/sale/products/POST.html]
[theme650-coffe-shop.myshopify.com/collections/sale/products/-.html]
[theme650-coffe-shop.myshopify.com/collections/sale/chocolate-world-2.html]
[theme650-coffe-shop.myshopify.com/collections/sale/chocolate-world-3.html]
[theme650-coffe-shop.myshopify.com/collections/sale/POST.html]
[theme650-coffe-shop.myshopify.com/collections/sale/latte-macchiatto-2.html]
[theme650-coffe-shop.myshopify.com/collections/sale/latte-macchiatto-3.html]
[theme650-coffe-shop.myshopify.com/collections/sale/mochaccino-2.html]
[theme650-coffe-shop.myshopify.com/collections/sale/mochaccino-3.html]
[theme650-coffe-shop.myshopify.com/collections/all/products/authentic-donut-shop-blend-coffee-chocolate-chip-cookie.html]
[theme650-coffe-shop.myshopify.com/collections/all/products/cafe-du-monde-coffee-french-roast.html]
[theme650-coffe-shop.myshopify.com/collections/all/products/douwe-egberts-douwe-egberts-filter-blend-ground-coffee-medium-roast.html]
[theme650-coffe-shop.myshopify.com/collections/all/products/douwe-egberts-excellent-aroma-whole-beans-coffee.html]
[theme650-coffe-shop.myshopify.com/collections/all/products/keurig-green-mountain-coffee-breakfast-blend-k-cup.html]
[theme650-coffe-shop.myshopify.com/collections/all/products/kicking-horse-coffee-454-horse-power-dark-whole-bean-coffee.html]
[theme650-coffe-shop.myshopify.com/collections/all/products/lavazza-caffe-espresso-ground-coffee-8-ounce-cans.html]
[theme650-coffe-shop.myshopify.com/products/melitta-coffee-classic-blend-ground-medium-roast-2.html]
[theme650-coffe-shop.myshopify.com/products/maxwell-house-original-roast-ground-coffee-value-container-2.html]
[theme650-coffe-shop.myshopify.com/products/puroast-low-acid-coffee-single-serve-keurig-compatible-2.html]
[theme650-coffe-shop.myshopify.com/collections/types/products/cafe-du-monde-coffee-french-roast.html]
[theme650-coffe-shop.myshopify.com/collections/types48f0.html]
[theme650-coffe-shop.myshopify.com/collections/types/products/five-star-coffee-coffe-cup-moments-signature-romance-sampler-package.html]
[theme650-coffe-shop.myshopify.com/collections/types/products/kicking-horse-coffee-454-horse-power-dark-whole-bean-coffee.html]
[theme650-coffe-shop.myshopify.com/collections/types/products/maxwell-house-original-roast-ground-coffee-value-container.html]
[theme650-coffe-shop.myshopify.com/collections/types/products/keurig-green-mountain-coffee-breakfast-blend-k-cup.html]
[theme650-coffe-shop.myshopify.com/collections/types/products/lavazza-caffe-espresso-ground-coffee-8-ounce-cans.html]
[theme650-coffe-shop.myshopify.com/collections/types4b27.html]
[theme650-coffe-shop.myshopify.com/collections/types/products/douwe-egberts-douwe-egberts-filter-blend-ground-coffee-medium-roast.html]
[theme650-coffe-shop.myshopify.com/collections/types/products/illy-ground-coffee-drip-grind.html]
[theme650-coffe-shop.myshopify.com/collections/types/products/lavazza-premium-house-blend-coffee.html]
[theme650-coffe-shop.myshopify.com/collections/types/products/teeccino-herbal-coffee-mediterranean-java-caffeine-free.html]
[theme650-coffe-shop.myshopify.com/collections/typesa654.html]
[theme650-coffe-shop.myshopify.com/collections/typesafdd.html]
[theme650-coffe-shop.myshopify.com/collections/types/products/cinnabon-k-cup-portion-pack-for-keurig-brewers-classic-cinnamon.html]
[theme650-coffe-shop.myshopify.com/collections/types/products/guilt-free-decaf-by-findlays-finest-gourmet-coffee.html]
[theme650-coffe-shop.myshopify.com/collections/types/products/melitta-coffee-classic-blend-ground-medium-roast.html]
[theme650-coffe-shop.myshopify.com/collections/types8eb3.html]
[theme650-coffe-shop.myshopify.com/collections/types1767.html]
[theme650-coffe-shop.myshopify.com/collections/types/products/douwe-egberts-excellent-aroma-whole-beans-coffee.html]
[theme650-coffe-shop.myshopify.com/collections/types/products/marley-coffee-buffalo-soldier-24-count.html]
[theme650-coffe-shop.myshopify.com/collections/types041d.html]
[theme650-coffe-shop.myshopify.com/collections/types/products/don-francisco-hawaiian-hazelnut-coffee.html]
[theme650-coffe-shop.myshopify.com/collections/types/products/illy-caffe-medium-roast-ground-coffee-red-band.html]
[theme650-coffe-shop.myshopify.com/collections/types/products/lavazza-crema-e-gusto-ground-coffee.html]
[theme650-coffe-shop.myshopify.com/collections/types/products/puroast-low-acid-coffee-single-serve-keurig-compatible.html]
[theme650-coffe-shop.myshopify.com/collections/types0ca3.html]
[theme650-coffe-shop.myshopify.com/collections/vendors/products/authentic-donut-shop-blend-coffee-chocolate-chip-cookie.html]
[theme650-coffe-shop.myshopify.com/collections/vendors/products/cafe-du-monde-coffee-french-roast.html]
[theme650-coffe-shop.myshopify.com/collections/vendors2718.html]
[theme650-coffe-shop.myshopify.com/collections/vendors/products/douwe-egberts-douwe-egberts-filter-blend-ground-coffee-medium-roast.html]
[theme650-coffe-shop.myshopify.com/collections/vendors/products/illy-ground-coffee-drip-grind.html]
[theme650-coffe-shop.myshopify.com/collections/vendors/products/lavazza-premium-house-blend-coffee.html]
[theme650-coffe-shop.myshopify.com/collections/vendors/products/teeccino-herbal-coffee-mediterranean-java-caffeine-free.html]
[theme650-coffe-shop.myshopify.com/collections/vendors/products/keurig-green-mountain-coffee-breakfast-blend-k-cup.html]
[theme650-coffe-shop.myshopify.com/collections/vendors/products/kicking-horse-coffee-454-horse-power-dark-whole-bean-coffee.html]
[theme650-coffe-shop.myshopify.com/collections/vendors/products/lavazza-caffe-espresso-ground-coffee-8-ounce-cans.html]
[theme650-coffe-shop.myshopify.com/collections/vendorsaab6.html]
[theme650-coffe-shop.myshopify.com/collections/vendorsc7dc.html]
[theme650-coffe-shop.myshopify.com/collections/vendors/products/don-francisco-hawaiian-hazelnut-coffee.html]
[theme650-coffe-shop.myshopify.com/collections/vendors/products/illy-caffe-medium-roast-ground-coffee-red-band.html]
[theme650-coffe-shop.myshopify.com/collections/vendors/products/lavazza-crema-e-gusto-ground-coffee.html]
[theme650-coffe-shop.myshopify.com/collections/vendors/products/puroast-low-acid-coffee-single-serve-keurig-compatible.html]
[theme650-coffe-shop.myshopify.com/collections/vendors4b6d.html]
[theme650-coffe-shop.myshopify.com/collections/vendors295e.html]
[theme650-coffe-shop.myshopify.com/collections/vendors/products/five-star-coffee-coffe-cup-moments-signature-romance-sampler-package.html]
[theme650-coffe-shop.myshopify.com/collections/vendors/products/maxwell-house-original-roast-ground-coffee-value-container.html]
[theme650-coffe-shop.myshopify.com/collections/vendorsb9aa.html]
[theme650-coffe-shop.myshopify.com/collections/vendors/products/cinnabon-k-cup-portion-pack-for-keurig-brewers-classic-cinnamon.html]
[theme650-coffe-shop.myshopify.com/collections/vendors/products/guilt-free-decaf-by-findlays-finest-gourmet-coffee.html]
[theme650-coffe-shop.myshopify.com/collections/vendors/products/melitta-coffee-classic-blend-ground-medium-roast.html]
[theme650-coffe-shop.myshopify.com/collections/vendors8368.html]
[theme650-coffe-shop.myshopify.com/collections/vendors/products/douwe-egberts-excellent-aroma-whole-beans-coffee.html]
[theme650-coffe-shop.myshopify.com/collections/vendors/products/marley-coffee-buffalo-soldier-24-count.html]
[theme650-coffe-shop.myshopify.com/collections/vendors5f29.html]
[theme650-coffe-shop.myshopify.com/collections/americano/products/keurig-green-mountain-coffee-breakfast-blend-k-cup.html]
[theme650-coffe-shop.myshopify.com/collections/americano/products/kicking-horse-coffee-454-horse-power-dark-whole-bean-coffee.html]
[theme650-coffe-shop.myshopify.com/collections/americano/products/lavazza-caffe-espresso-ground-coffee-8-ounce-cans.html]
[theme650-coffe-shop.myshopify.com/collections/coffe/products/authentic-donut-shop-blend-coffee-chocolate-chip-cookie.html]
[theme650-coffe-shop.myshopify.com/collections/coffe/products/cafe-du-monde-coffee-french-roast.html]
[theme650-coffe-shop.myshopify.com/collections/coffe/products/lavazza-caffe-espresso-ground-coffee-8-ounce-cans.html]
[theme650-coffe-shop.myshopify.com/collections/espresso/products/authentic-donut-shop-blend-coffee-chocolate-chip-cookie.html]
[theme650-coffe-shop.myshopify.com/collections/espresso/products/cafe-du-monde-coffee-french-roast.html]
